Arguments:
  /usr/local/bin/node /usr/local/bin/yarn

PATH:
  /opt/homebrew/bin:/opt/homebrew/sbin:/usr/local/bin:/System/Cryptexes/App/usr/bin:/usr/bin:/bin:/usr/sbin:/sbin:/opt/homebrew/bin:/opt/homebrew/sbin

Yarn version:
  1.22.19

Node version:
  21.6.2

Platform:
  darwin arm64

Trace:
  Error: certificate has expired
      at TLSSocket.onConnectSecure (node:_tls_wrap:1674:34)
      at TLSSocket.emit (node:events:519:28)
      at TLSSocket._finishInit (node:_tls_wrap:1085:8)
      at ssl.onhandshakedone (node:_tls_wrap:871:12)

npm manifest:
  {
    "name": "osce-admin-ui",
    "version": "1.0.0",
    "description": "手术管理系统",
    "author": "李鹏军 <939961241@qq.com>",
    "private": true,
    "scripts": {
      "dev": "webpack-dev-server --inline --progress --config build/webpack.dev.conf.js",
      "start": "npm run dev",
      "lint": "eslint --ext .js,.vue src",
      "build": "gulp"
    },
    "dependencies": {
      "axios": "^0.21.1",
      "babel-plugin-component": "^1.1.1",
      "babel-polyfill": "^6.26.0",
      "crypto-js": "^4.0.0",
      "echarts": "^5.1.2",
      "element-ui": "2.15.10",
      "gulp-concat": "^2.6.1",
      "gulp-load-plugins": "^2.0.7",
      "gulp-replace": "^0.6.1",
      "gulp-shell": "^0.6.5",
      "lodash": "^4.17.21",
      "sass": "^1.51.0",
      "sass-loader":"10.2.0",
      "stompjs": "^2.3.3",
      "svg-sprite-loader": "^3.7.3",
      "vue": "^2.6.14",
      "vue-clipboard2": "^0.3.1",
      "vue-cookie": "^1.1.4",
      "vue-router": "^3.5.2",
      "vuex": "^3.6.2"
    },
    "devDependencies": {
      "autoprefixer": "^7.2.6",
      "babel-core": "^6.22.1",
      "babel-eslint": "^7.1.1",
      "babel-loader": "^7.1.1",
      "babel-plugin-dynamic-import-node": "^1.2.0",
      "babel-plugin-transform-es2015-modules-commonjs": "^6.26.0",
      "babel-plugin-transform-runtime": "^6.22.0",
      "babel-preset-env": "^1.3.2",
      "babel-preset-stage-2": "^6.22.0",
      "babel-register": "^6.22.0",
      "chalk": "^2.3.0",
      "chromedriver": "^2.46.0",
      "copy-webpack-plugin": "^4.0.1",
      "cross-spawn": "^5.0.1",
      "css-loader": "^0.28.0",
      "eslint": "^3.19.0",
      "eslint-config-standard": "^10.2.1",
      "eslint-friendly-formatter": "^3.0.0",
      "eslint-loader": "^2.0.0",
      "eslint-plugin-html": "^3.0.0",
      "eslint-plugin-import": "^2.23.4",
      "eslint-plugin-node": "^5.2.0",
      "eslint-plugin-promise": "^3.5.0",
      "eslint-plugin-standard": "^3.0.1",
      "eventsource-polyfill": "^0.9.6",
      "mini-css-extract-plugin": "^1.6.2",
      "file-loader": "^1.1.4",
      "friendly-errors-webpack-plugin": "^1.6.1",
      "gulp": "^4.0.2",
      "html-webpack-plugin": "^4.5.2",
      "nightwatch": "^0.9.12",
      "node-notifier": "^5.4.5",
      "optimize-css-assets-webpack-plugin": "^3.2.0",
      "ora": "^1.2.0",
      "portfinder": "^1.0.28",
      "postcss-import": "^11.0.0",
      "postcss-loader": "^2.0.8",
      "rimraf": "^2.6.0",
      "selenium-server": "^3.0.1",
      "semver": "^5.3.0",
      "shelljs": "^0.8.4",
      "url-loader": "^0.5.8",
      "vue-baidu-analytics": "^2.2.0",
      "vue-loader": "^15.0.10",
      "vue-style-loader": "^3.0.1",
      "vue-template-compiler": "^2.6.14",
      "webpack": "^4.26.1",
      "webpack-bundle-analyzer": "^2.13.1",
      "webpack-dev-server": "^3.11.0",
      "webpack-cli": "^3.3.0",
      "webpack-merge": "^4.1.0"
    },
    "engines": {
      "node": ">= 8.11.1",
      "npm": ">= 5.6.0"
    },
    "browserslist": [
      "> 1%",
      "last 2 versions",
      "not ie <= 8"
    ]
  }

yarn manifest:
  No manifest

Lockfile:
  No lockfile
